// Jest Snapshot v1, https://goo.gl/fbAQLP

exports[`Pruebas en <FirstApp /> Debe hacer match con el snapshot 1`] = `
<div>
  <h1
    data-testid="test-title"
  >
    Hola, soy Vegeta
     
  </h1>
  <h1>
    No hay subtitulo
  </h1>
  <h1>
    No hay subtitulo
  </h1>
  <h1>
    No hay subtitulo
  </h1>
  <h1>
    No hay subtitulo
  </h1>
  <h1>
    Jefferson
  </h1>
</div>
`;
